<html><body>
<div data-sitekey="HCaptchaSiteKey" class="h-captcha"></div>
</body></html>
