<html><body>
<div class="h-captcha widget" data-thing="A thing" role="presentation" data-sitekey="HCaptchaSiteKey"></div>
</body></html>
