<html><body>
<button data-callback="onMyFormSubmit" data-sitekey="HCaptchaSiteKey" class="h-captcha">
    <span>Submit</span>
</button>
<script>
    function onMyFormSubmit() {
        document.getElementById('my-form').submit();
    }
</script>
</body></html>
