<html><head>
<script src="https://hcaptcha.com/1/api.js" async defer></script>
</head></html>
