<html><head>
<script src="https://hcaptcha.com/1/api.js?hl=nl" async defer></script>
</head></html>
